2026-05-04 07:00:01 INFO Server startup requested
2026-05-04 07:00:04 INFO Loading application configuration
2026-05-04 07:00:07 INFO Configuration loaded successfully
2026-05-04 07:00:12 INFO Database connection pool initialized
2026-05-04 07:00:18 INFO File storage service mounted
2026-05-04 07:01:03 INFO Web server listening on port 443
2026-05-04 07:03:22 INFO Health check passed
2026-05-04 07:05:48 INFO Cache warmup started
2026-05-04 07:08:11 WARNING Cache warmup took longer than expected
2026-05-04 07:10:36 ERROR Failed to refresh course dashboard cache
2026-05-04 07:12:05 INFO Retrying dashboard cache refresh
2026-05-04 07:13:29 INFO Dashboard cache refresh completed
2026-05-04 07:15:42 INFO User login succeeded for student01
2026-05-04 07:18:10 INFO User login succeeded for student02
2026-05-04 07:20:54 WARNING Login attempt failed for unknown user
2026-05-04 07:23:18 INFO User login succeeded for instructor01
2026-05-04 07:26:41 ERROR Database connection timeout while loading grades
2026-05-04 07:28:05 INFO Database connection restored
2026-05-04 07:31:17 INFO Assignment list loaded for course 140245
2026-05-04 07:34:53 INFO Background job started: notification_digest
2026-05-04 07:37:46 INFO Background job completed: notification_digest
2026-05-04 07:40:02 WARNING Disk usage above 75 percent
2026-05-04 07:43:19 INFO Uploaded file saved for submission 1041
2026-05-04 07:46:33 ERROR Unable to write uploaded file for submission 1042
2026-05-04 07:48:20 INFO Retrying uploaded file save for submission 1042
2026-05-04 07:49:02 INFO Uploaded file saved for submission 1042
2026-05-04 07:52:11 INFO Quiz results exported for course 140245
2026-05-04 07:55:27 WARNING Slow response from file storage service
2026-05-04 07:58:49 INFO Page view recorded for module 14
2026-05-04 08:01:13 INFO Page view recorded for module 14
2026-05-04 08:04:36 INFO User logout succeeded for student01
2026-05-04 08:07:05 ERROR Permission denied while opening reports.csv
2026-05-04 08:09:44 INFO Report generation request queued
2026-05-04 08:12:18 INFO Report generation started
2026-05-04 08:15:00 INFO Report generation completed
2026-05-04 08:18:26 WARNING Email delivery delayed for message 8842
2026-05-04 08:21:39 INFO Email delivery completed for message 8842
2026-05-04 08:24:57 ERROR Missing configuration value for email service
2026-05-04 08:27:11 INFO Email service configuration reloaded
2026-05-04 08:30:45 INFO User login succeeded for student03
2026-05-04 08:33:10 INFO Assignment submission received from student03
2026-05-04 08:36:22 INFO File scan started for submission 1043
2026-05-04 08:39:51 WARNING File scan queued for longer than expected
2026-05-04 08:42:16 ERROR File scan failed for submission 1043
2026-05-04 08:44:03 INFO File scan retry scheduled for submission 1043
2026-05-04 08:47:28 INFO File scan completed for submission 1043
2026-05-04 08:50:12 INFO Gradebook view loaded for instructor01
2026-05-04 08:53:40 INFO Gradebook filter applied for missing submissions
2026-05-04 08:56:14 WARNING Temporary network delay detected
2026-05-04 08:59:38 INFO Network latency returned to normal
2026-05-04 09:02:05 INFO Module item loaded: M14 Overview
2026-05-04 09:05:29 ERROR Could not open temporary export file
2026-05-04 09:07:13 INFO Temporary directory cleanup started
2026-05-04 09:10:44 INFO Temporary directory cleanup completed
2026-05-04 09:13:09 INFO Discussion topic loaded: File Handling
2026-05-04 09:16:35 INFO Discussion reply created by student04
2026-05-04 09:19:58 ERROR Failed to save discussion draft for student05
2026-05-04 09:22:41 INFO Discussion draft save retried for student05
2026-05-04 09:25:06 INFO Discussion draft saved for student05
2026-05-04 09:28:32 WARNING Memory usage above 80 percent
2026-05-04 09:31:57 INFO Background job started: analytics_rollup
2026-05-04 09:35:21 INFO Background job completed: analytics_rollup
2026-05-04 09:38:46 INFO User login succeeded for student06
2026-05-04 09:42:10 INFO Assignment page loaded: Log File Filter
2026-05-04 09:45:34 ERROR Failed to connect to gradebook database
2026-05-04 09:48:59 INFO Retrying gradebook database connection
2026-05-04 09:51:23 INFO Gradebook database connection restored
2026-05-04 09:54:47 INFO Submission comment created for submission 1044
2026-05-04 09:58:12 WARNING Slow database query detected for submissions
2026-05-04 10:01:36 INFO Slow query completed successfully
2026-05-04 10:05:01 ERROR Database query canceled after timeout
2026-05-04 10:07:25 INFO Database query retry scheduled
2026-05-04 10:10:49 INFO Database query retry completed
2026-05-04 10:14:14 INFO User logout succeeded for student02
2026-05-04 10:17:38 INFO User login succeeded for student07
2026-05-04 10:21:03 INFO File download started: server.log
2026-05-04 10:24:27 WARNING File download speed below expected rate
2026-05-04 10:27:51 ERROR File download interrupted for server.log
2026-05-04 10:30:16 INFO File download restarted: server.log
2026-05-04 10:33:40 INFO File download completed: server.log
2026-05-04 10:37:04 INFO Course navigation loaded for student07
2026-05-04 10:40:29 INFO Module progress updated for student07
2026-05-04 10:43:53 ERROR Could not close output stream cleanly
2026-05-04 10:46:17 INFO Output stream cleanup completed
2026-05-04 10:49:42 INFO Daily summary report queued
2026-05-04 10:53:06 INFO Daily summary report generated
2026-05-04 10:56:30 WARNING Email queue length above normal
2026-05-04 10:59:55 INFO Email queue length returned to normal
2026-05-04 11:03:19 INFO User login succeeded for student08
2026-05-04 11:06:44 ERROR Invalid file mode requested by import job
2026-05-04 11:09:08 INFO Import job configuration corrected
2026-05-04 11:12:32 INFO Import job restarted
2026-05-04 11:15:57 INFO Import job completed
2026-05-04 11:19:21 WARNING API response from calendar service delayed
2026-05-04 11:22:45 INFO Calendar events synchronized
2026-05-04 11:26:10 ERROR Calendar synchronization failed for user student09
2026-05-04 11:28:34 INFO Calendar synchronization retry scheduled
2026-05-04 11:31:58 INFO Calendar synchronization completed for user student09
2026-05-04 11:35:23 INFO User logout succeeded for student07
2026-05-04 11:38:47 INFO Background job started: file_retention_check
2026-05-04 11:42:11 WARNING File retention check found 12 expired files
2026-05-04 11:45:36 INFO Expired file cleanup started
2026-05-04 11:49:00 ERROR Expired file cleanup failed for file 26028708
2026-05-04 11:51:24 INFO Expired file cleanup retry scheduled
2026-05-04 11:54:49 INFO Expired file cleanup completed
2026-05-04 11:58:13 INFO Health check passed
2026-05-04 12:01:37 INFO Server load average within normal range
2026-05-04 12:05:02 ERROR Could not write audit log entry
2026-05-04 12:07:26 INFO Audit log write retried successfully
2026-05-04 12:10:50 INFO Security scan started
2026-05-04 12:14:15 INFO Security scan completed
2026-05-04 12:17:39 WARNING Backup job running longer than expected
2026-05-04 12:21:03 INFO Backup job completed
2026-05-04 12:24:28 ERROR Backup verification failed for archive 2026-05-04
2026-05-04 12:26:52 INFO Backup verification retry scheduled
2026-05-04 12:30:16 ERROR Backup verification failed after retry
2026-05-04 12:33:41 INFO Administrator notification queued
2026-05-04 12:37:05 INFO Health check passed
2026-05-04 12:40:29 INFO Server shutdown requested
